14:57:46 ~/Projects/ruby-libstorj [master !+]
$ ruby ./test.rb
[#<LibStorj::StorjBridgeOptions_t:0x0055adf8584458>, #<LibStorj::StorjEncryptOptions_t:0x0055adf8573db0>, #<LibStorj::StorjHttpOptions_t:0x0055adf85736a8>, #<LibStorj::StorjLogOptions_t:0x0055adf8572848>]
./test.rb:47: [BUG] Segmentation fault at 0x00000000000000
ruby 2.4.0p0 (2016-12-24 revision 57164) [x86_64-linux]

-- Control frame information -----------------------------------------------
c:0005 p:---- s:0022 e:000021 CFUNC  :init_env
c:0004 p:---- s:0019 e:000018 CFUNC  :call
c:0003 p:0043 s:0011 e:000010 METHOD ./test.rb:47
c:0002 p:0074 s:0006 e:000005 EVAL   ./test.rb:50 [FINISH]
c:0001 p:0000 s:0003 E:002630 (none) [FINISH]

-- Ruby level backtrace information ----------------------------------------
./test.rb:50:in `<main>'
./test.rb:47:in `test_env'
./test.rb:47:in `call'
./test.rb:47:in `init_env'

-- Machine register context ------------------------------------------------
 RIP: 0x00007f4925de5646 RBP: 0x0000000000000000 RSP: 0x00007ffdae983908
 RAX: 0x0000000000000000 RBX: 0x000055adf8741550 RCX: 0x0000000000000000
 RDX: 0x0000000000000006 RDI: 0x0000000000000000 RSI: 0x0000000070747468
  R8: 0x0000000000000003  R9: 0x0000000000000010 R10: 0x00000000000000fe
 R11: 0x00007f4925de5370 R12: 0x000055adf8591f50 R13: 0x0000000000000005
 R14: 0x000055adf85d17d0 R15: 0x000055adf86fe310 EFL: 0x0000000000010293

-- C level backtrace information -------------------------------------------
/home/user/.rvm/rubies/ruby-2.4.0/lib/libruby.so.2.4(rb_vm_bugreport+0x4f1) [0x7f4926ef9321]
/home/user/.rvm/rubies/ruby-2.4.0/lib/libruby.so.2.4(rb_bug_context+0xd4) [0x7f4926d859c4]
/home/user/.rvm/rubies/ruby-2.4.0/lib/libruby.so.2.4(sigsegv+0x3e) [0x7f4926e712be]
[0x7f4926ad80c0]
[0x7f4925de5646]
[0x7f4925de537e]
[0x7f4924771186]
[0x7f49249ad038]
[0x7f49249aca9a]
[0x7f4924bbf981]
[0x7f4924bc31d6]
/home/user/.rvm/rubies/ruby-2.4.0/lib/libruby.so.2.4(vm_call0_body.constprop.142+0x263) [0x7f4926eef323]
/home/user/.rvm/rubies/ruby-2.4.0/lib/libruby.so.2.4(rb_vm_call+0x30) [0x7f4926eef730]
/home/user/.rvm/rubies/ruby-2.4.0/lib/libruby.so.2.4(vm_call_cfunc+0xe7) [0x7f4926edcfb7]
/home/user/.rvm/rubies/ruby-2.4.0/lib/libruby.so.2.4(vm_call_method+0xe3) [0x7f4926eece63]
/home/user/.rvm/rubies/ruby-2.4.0/lib/libruby.so.2.4(vm_exec_core+0x1541) [0x7f4926ee5a91]
/home/user/.rvm/rubies/ruby-2.4.0/lib/libruby.so.2.4(vm_exec+0x83) [0x7f4926eeb333]
/home/user/.rvm/rubies/ruby-2.4.0/lib/libruby.so.2.4(ruby_exec_internal+0xb0) [0x7f4926d8b7f0]
/home/user/.rvm/rubies/ruby-2.4.0/lib/libruby.so.2.4(ruby_exec_node+0x1d) [0x7f4926d8d4fd]
/home/user/.rvm/rubies/ruby-2.4.0/lib/libruby.so.2.4(ruby_run_node+0x1e) [0x7f4926d9039e]
/home/user/.rvm/rubies/ruby-2.4.0/bin/ruby(main+0x4b) [0x55adf6cf396b] main.c:36

-- Other runtime information -----------------------------------------------

* Loaded script: ./test.rb

* Loaded features:

    0 enumerator.so
    1 thread.rb
    2 rational.so
    3 complex.so
    4 /home/user/.rvm/rubies/ruby-2.4.0/lib/ruby/2.4.0/x86_64-linux/enc/encdb.so
    5 /home/user/.rvm/rubies/ruby-2.4.0/lib/ruby/2.4.0/x86_64-linux/enc/trans/transdb.so
    6 /home/user/.rvm/rubies/ruby-2.4.0/lib/ruby/2.4.0/unicode_normalize.rb
    7 /home/user/.rvm/rubies/ruby-2.4.0/lib/ruby/2.4.0/x86_64-linux/rbconfig.rb
    8 /home/user/.rvm/rubies/ruby-2.4.0/lib/ruby/site_ruby/2.4.0/rubygems/compatibility.rb
    9 /home/user/.rvm/rubies/ruby-2.4.0/lib/ruby/site_ruby/2.4.0/rubygems/defaults.rb
   10 /home/user/.rvm/rubies/ruby-2.4.0/lib/ruby/site_ruby/2.4.0/rubygems/deprecate.rb
   11 /home/user/.rvm/rubies/ruby-2.4.0/lib/ruby/site_ruby/2.4.0/rubygems/errors.rb
   12 /home/user/.rvm/rubies/ruby-2.4.0/lib/ruby/site_ruby/2.4.0/rubygems/version.rb
   13 /home/user/.rvm/rubies/ruby-2.4.0/lib/ruby/site_ruby/2.4.0/rubygems/requirement.rb
   14 /home/user/.rvm/rubies/ruby-2.4.0/lib/ruby/site_ruby/2.4.0/rubygems/platform.rb
   15 /home/user/.rvm/rubies/ruby-2.4.0/lib/ruby/site_ruby/2.4.0/rubygems/basic_specification.rb
   16 /home/user/.rvm/rubies/ruby-2.4.0/lib/ruby/site_ruby/2.4.0/rubygems/stub_specification.rb
   17 /home/user/.rvm/rubies/ruby-2.4.0/lib/ruby/site_ruby/2.4.0/rubygems/util/list.rb
   18 /home/user/.rvm/rubies/ruby-2.4.0/lib/ruby/2.4.0/x86_64-linux/stringio.so
   19 /home/user/.rvm/rubies/ruby-2.4.0/lib/ruby/site_ruby/2.4.0/rubygems/specification.rb
   20 /home/user/.rvm/rubies/ruby-2.4.0/lib/ruby/site_ruby/2.4.0/rubygems/exceptions.rb
   21 /home/user/.rvm/rubies/ruby-2.4.0/lib/ruby/site_ruby/2.4.0/rubygems/dependency.rb
   22 /home/user/.rvm/rubies/ruby-2.4.0/lib/ruby/site_ruby/2.4.0/rubygems/core_ext/kernel_gem.rb
   23 /home/user/.rvm/rubies/ruby-2.4.0/lib/ruby/2.4.0/monitor.rb
   24 /home/user/.rvm/rubies/ruby-2.4.0/lib/ruby/site_ruby/2.4.0/rubygems/core_ext/kernel_require.rb
   25 /home/user/.rvm/rubies/ruby-2.4.0/lib/ruby/site_ruby/2.4.0/rubygems.rb
   26 /home/user/.rvm/rubies/ruby-2.4.0/lib/ruby/site_ruby/2.4.0/rubygems/path_support.rb
   27 /home/user/.rvm/gems/ruby-2.4.0@global/gems/did_you_mean-1.1.0/lib/did_you_mean/version.rb
   28 /home/user/.rvm/gems/ruby-2.4.0@global/gems/did_you_mean-1.1.0/lib/did_you_mean/core_ext/name_error.rb
   29 /home/user/.rvm/gems/ruby-2.4.0@global/gems/did_you_mean-1.1.0/lib/did_you_mean/levenshtein.rb
   30 /home/user/.rvm/gems/ruby-2.4.0@global/gems/did_you_mean-1.1.0/lib/did_you_mean/jaro_winkler.rb
   31 /home/user/.rvm/gems/ruby-2.4.0@global/gems/did_you_mean-1.1.0/lib/did_you_mean/spell_checker.rb
   32 /home/user/.rvm/rubies/ruby-2.4.0/lib/ruby/2.4.0/delegate.rb
   33 /home/user/.rvm/gems/ruby-2.4.0@global/gems/did_you_mean-1.1.0/lib/did_you_mean/spell_checkers/name_error_checkers/class_name_checker.rb
   34 /home/user/.rvm/gems/ruby-2.4.0@global/gems/did_you_mean-1.1.0/lib/did_you_mean/spell_checkers/name_error_checkers/variable_name_checker.rb
   35 /home/user/.rvm/gems/ruby-2.4.0@global/gems/did_you_mean-1.1.0/lib/did_you_mean/spell_checkers/name_error_checkers.rb
   36 /home/user/.rvm/gems/ruby-2.4.0@global/gems/did_you_mean-1.1.0/lib/did_you_mean/spell_checkers/method_name_checker.rb
   37 /home/user/.rvm/gems/ruby-2.4.0@global/gems/did_you_mean-1.1.0/lib/did_you_mean/spell_checkers/null_checker.rb
   38 /home/user/.rvm/gems/ruby-2.4.0@global/gems/did_you_mean-1.1.0/lib/did_you_mean/formatter.rb
   39 /home/user/.rvm/gems/ruby-2.4.0@global/gems/did_you_mean-1.1.0/lib/did_you_mean.rb
   40 /home/user/.rvm/rubies/ruby-2.4.0/lib/ruby/2.4.0/psych/versions.rb
   41 /home/user/.rvm/rubies/ruby-2.4.0/lib/ruby/2.4.0/psych/exception.rb
   42 /home/user/.rvm/rubies/ruby-2.4.0/lib/ruby/2.4.0/psych/syntax_error.rb
   43 /home/user/.rvm/rubies/ruby-2.4.0/lib/ruby/2.4.0/x86_64-linux/psych.so
   44 /home/user/.rvm/rubies/ruby-2.4.0/lib/ruby/2.4.0/psych/omap.rb
   45 /home/user/.rvm/rubies/ruby-2.4.0/lib/ruby/2.4.0/psych/set.rb
   46 /home/user/.rvm/rubies/ruby-2.4.0/lib/ruby/2.4.0/psych/class_loader.rb
   47 /home/user/.rvm/rubies/ruby-2.4.0/lib/ruby/2.4.0/x86_64-linux/strscan.so
   48 /home/user/.rvm/rubies/ruby-2.4.0/lib/ruby/2.4.0/psych/scalar_scanner.rb
   49 /home/user/.rvm/rubies/ruby-2.4.0/lib/ruby/2.4.0/psych/nodes/node.rb
   50 /home/user/.rvm/rubies/ruby-2.4.0/lib/ruby/2.4.0/psych/nodes/stream.rb
   51 /home/user/.rvm/rubies/ruby-2.4.0/lib/ruby/2.4.0/psych/nodes/document.rb
   52 /home/user/.rvm/rubies/ruby-2.4.0/lib/ruby/2.4.0/psych/nodes/sequence.rb
   53 /home/user/.rvm/rubies/ruby-2.4.0/lib/ruby/2.4.0/psych/nodes/scalar.rb
   54 /home/user/.rvm/rubies/ruby-2.4.0/lib/ruby/2.4.0/psych/nodes/mapping.rb
   55 /home/user/.rvm/rubies/ruby-2.4.0/lib/ruby/2.4.0/psych/nodes/alias.rb
   56 /home/user/.rvm/rubies/ruby-2.4.0/lib/ruby/2.4.0/psych/nodes.rb
   57 /home/user/.rvm/rubies/ruby-2.4.0/lib/ruby/2.4.0/psych/streaming.rb
   58 /home/user/.rvm/rubies/ruby-2.4.0/lib/ruby/2.4.0/psych/visitors/visitor.rb
   59 /home/user/.rvm/rubies/ruby-2.4.0/lib/ruby/2.4.0/psych/visitors/to_ruby.rb
   60 /home/user/.rvm/rubies/ruby-2.4.0/lib/ruby/2.4.0/psych/visitors/emitter.rb
   61 /home/user/.rvm/rubies/ruby-2.4.0/lib/ruby/2.4.0/psych/handler.rb
   62 /home/user/.rvm/rubies/ruby-2.4.0/lib/ruby/2.4.0/psych/tree_builder.rb
   63 /home/user/.rvm/rubies/ruby-2.4.0/lib/ruby/2.4.0/psych/visitors/yaml_tree.rb
   64 /home/user/.rvm/rubies/ruby-2.4.0/lib/ruby/2.4.0/psych/json/ruby_events.rb
   65 /home/user/.rvm/rubies/ruby-2.4.0/lib/ruby/2.4.0/psych/visitors/json_tree.rb
   66 /home/user/.rvm/rubies/ruby-2.4.0/lib/ruby/2.4.0/psych/visitors/depth_first.rb
   67 /home/user/.rvm/rubies/ruby-2.4.0/lib/ruby/2.4.0/psych/visitors.rb
   68 /home/user/.rvm/rubies/ruby-2.4.0/lib/ruby/2.4.0/psych/parser.rb
   69 /home/user/.rvm/rubies/ruby-2.4.0/lib/ruby/2.4.0/psych/coder.rb
   70 /home/user/.rvm/rubies/ruby-2.4.0/lib/ruby/2.4.0/psych/core_ext.rb
   71 /home/user/.rvm/rubies/ruby-2.4.0/lib/ruby/2.4.0/x86_64-linux/date_core.so
   72 /home/user/.rvm/rubies/ruby-2.4.0/lib/ruby/2.4.0/date.rb
   73 /home/user/.rvm/rubies/ruby-2.4.0/lib/ruby/2.4.0/psych/deprecated.rb
   74 /home/user/.rvm/rubies/ruby-2.4.0/lib/ruby/2.4.0/psych/stream.rb
   75 /home/user/.rvm/rubies/ruby-2.4.0/lib/ruby/2.4.0/psych/json/yaml_events.rb
   76 /home/user/.rvm/rubies/ruby-2.4.0/lib/ruby/2.4.0/psych/json/tree_builder.rb
   77 /home/user/.rvm/rubies/ruby-2.4.0/lib/ruby/2.4.0/psych/json/stream.rb
   78 /home/user/.rvm/rubies/ruby-2.4.0/lib/ruby/2.4.0/psych/handlers/document_stream.rb
   79 /home/user/.rvm/rubies/ruby-2.4.0/lib/ruby/2.4.0/psych.rb
   80 /home/user/.rvm/rubies/ruby-2.4.0/lib/ruby/2.4.0/yaml.rb
   81 /home/user/.rvm/gems/ruby-2.4.0/gems/ffi-1.9.18/lib/ffi_c.so
   82 /home/user/.rvm/gems/ruby-2.4.0/gems/ffi-1.9.18/lib/ffi/platform.rb
   83 /home/user/.rvm/gems/ruby-2.4.0/gems/ffi-1.9.18/lib/ffi/types.rb
   84 /home/user/.rvm/gems/ruby-2.4.0/gems/ffi-1.9.18/lib/ffi/library.rb
   85 /home/user/.rvm/gems/ruby-2.4.0/gems/ffi-1.9.18/lib/ffi/errno.rb
   86 /home/user/.rvm/gems/ruby-2.4.0/gems/ffi-1.9.18/lib/ffi/pointer.rb
   87 /home/user/.rvm/gems/ruby-2.4.0/gems/ffi-1.9.18/lib/ffi/memorypointer.rb
   88 /home/user/.rvm/gems/ruby-2.4.0/gems/ffi-1.9.18/lib/ffi/struct_layout_builder.rb
   89 /home/user/.rvm/gems/ruby-2.4.0/gems/ffi-1.9.18/lib/ffi/struct.rb
   90 /home/user/.rvm/gems/ruby-2.4.0/gems/ffi-1.9.18/lib/ffi/union.rb
   91 /home/user/.rvm/gems/ruby-2.4.0/gems/ffi-1.9.18/lib/ffi/managedstruct.rb
   92 /home/user/.rvm/gems/ruby-2.4.0/gems/ffi-1.9.18/lib/ffi/callback.rb
   93 /home/user/.rvm/gems/ruby-2.4.0/gems/ffi-1.9.18/lib/ffi/io.rb
   94 /home/user/.rvm/gems/ruby-2.4.0/gems/ffi-1.9.18/lib/ffi/autopointer.rb
   95 /home/user/.rvm/gems/ruby-2.4.0/gems/ffi-1.9.18/lib/ffi/variadic.rb
   96 /home/user/.rvm/gems/ruby-2.4.0/gems/ffi-1.9.18/lib/ffi/enum.rb
   97 /home/user/.rvm/gems/ruby-2.4.0/gems/ffi-1.9.18/lib/ffi/ffi.rb
   98 /home/user/.rvm/gems/ruby-2.4.0/gems/ffi-1.9.18/lib/ffi.rb
   99 /home/user/Projects/ruby-libstorj/libstorj.rb

* Process memory map:

55adf6cf3000-55adf6cf4000 r-xp 00000000 08:01 553932                     /home/user/.rvm/rubies/ruby-2.4.0/bin/ruby
55adf6ef3000-55adf6ef4000 r--p 00000000 08:01 553932                     /home/user/.rvm/rubies/ruby-2.4.0/bin/ruby
55adf6ef4000-55adf6ef5000 rw-p 00001000 08:01 553932                     /home/user/.rvm/rubies/ruby-2.4.0/bin/ruby
55adf825c000-55adf875e000 rw-p 00000000 00:00 0                          [heap]
7f491f9e7000-7f491fa0b000 r--s 00000000 08:01 553932                     /home/user/.rvm/rubies/ruby-2.4.0/bin/ruby
7f491fa0b000-7f491fa21000 r-xp 00000000 08:01 262148                     /lib/x86_64-linux-gnu/libgcc_s.so.1
7f491fa21000-7f491fc20000 ---p 00016000 08:01 262148                     /lib/x86_64-linux-gnu/libgcc_s.so.1
7f491fc20000-7f491fc21000 r--p 00015000 08:01 262148                     /lib/x86_64-linux-gnu/libgcc_s.so.1
7f491fc21000-7f491fc22000 rw-p 00016000 08:01 262148                     /lib/x86_64-linux-gnu/libgcc_s.so.1
7f491fc22000-7f491fc35000 r-xp 00000000 08:01 262198                     /lib/x86_64-linux-gnu/libgpg-error.so.0.21.0
7f491fc35000-7f491fe34000 ---p 00013000 08:01 262198                     /lib/x86_64-linux-gnu/libgpg-error.so.0.21.0
7f491fe34000-7f491fe35000 r--p 00012000 08:01 262198                     /lib/x86_64-linux-gnu/libgpg-error.so.0.21.0
7f491fe35000-7f491fe36000 rw-p 00013000 08:01 262198                     /lib/x86_64-linux-gnu/libgpg-error.so.0.21.0
7f491fe36000-7f491fe47000 r-xp 00000000 08:01 1053494                    /usr/lib/x86_64-linux-gnu/libtasn1.so.6.5.3
7f491fe47000-7f4920047000 ---p 00011000 08:01 1053494                    /usr/lib/x86_64-linux-gnu/libtasn1.so.6.5.3
7f4920047000-7f4920048000 r--p 00011000 08:01 1053494                    /usr/lib/x86_64-linux-gnu/libtasn1.so.6.5.3
7f4920048000-7f4920049000 rw-p 00012000 08:01 1053494                    /usr/lib/x86_64-linux-gnu/libtasn1.so.6.5.3
7f4920049000-7f492007b000 r-xp 00000000 08:01 262368                     /lib/x86_64-linux-gnu/libidn.so.11.6.16
7f492007b000-7f492027b000 ---p 00032000 08:01 262368                     /lib/x86_64-linux-gnu/libidn.so.11.6.16
7f492027b000-7f492027c000 r--p 00032000 08:01 262368                     /lib/x86_64-linux-gnu/libidn.so.11.6.16
7f492027c000-7f492027d000 rw-p 00033000 08:01 262368                     /lib/x86_64-linux-gnu/libidn.so.11.6.16
7f492027d000-7f49202d7000 r-xp 00000000 08:01 1053062                    /usr/lib/x86_64-linux-gnu/libp11-kit.so.0.2.0
7f49202d7000-7f49204d6000 ---p 0005a000 08:01 1053062                    /usr/lib/x86_64-linux-gnu/libp11-kit.so.0.2.0
7f49204d6000-7f49204e0000 r--p 00059000 08:01 1053062                    /usr/lib/x86_64-linux-gnu/libp11-kit.so.0.2.0
7f49204e0000-7f49204e2000 rw-p 00063000 08:01 1053062                    /usr/lib/x86_64-linux-gnu/libp11-kit.so.0.2.0
7f49204e2000-7f49204fc000 r-xp 00000000 08:01 1057867                    /usr/lib/x86_64-linux-gnu/libsasl2.so.2.0.25
7f49204fc000-7f49206fb000 ---p 0001a000 08:01 1057867                    /usr/lib/x86_64-linux-gnu/libsasl2.so.2.0.25
7f49206fb000-7f49206fc000 r--p 00019000 08:01 1057867                    /usr/lib/x86_64-linux-gnu/libsasl2.so.2.0.25
7f49206fc000-7f49206fd000 rw-p 0001a000 08:01 1057867                    /usr/lib/x86_64-linux-gnu/libsasl2.so.2.0.25
7f49206fd000-7f4920711000 r-xp 00000000 08:01 266187                     /lib/x86_64-linux-gnu/libresolv-2.24.so
7f4920711000-7f4920910000 ---p 00014000 08:01 266187                     /lib/x86_64-linux-gnu/libresolv-2.24.so
7f4920910000-7f4920911000 r--p 00013000 08:01 266187                     /lib/x86_64-linux-gnu/libresolv-2.24.so
7f4920911000-7f4920912000 rw-p 00014000 08:01 266187                     /lib/x86_64-linux-gnu/libresolv-2.24.so
7f4920912000-7f4920914000 rw-p 00000000 00:00 0
7f4920914000-7f4920917000 r-xp 00000000 08:01 262900                     /lib/x86_64-linux-gnu/libkeyutils.so.1.5
7f4920917000-7f4920b16000 ---p 00003000 08:01 262900                     /lib/x86_64-linux-gnu/libkeyutils.so.1.5
7f4920b16000-7f4920b17000 r--p 00002000 08:01 262900                     /lib/x86_64-linux-gnu/libkeyutils.so.1.5
7f4920b17000-7f4920b18000 rw-p 00003000 08:01 262900                     /lib/x86_64-linux-gnu/libkeyutils.so.1.5
7f4920b18000-7f4920b23000 r-xp 00000000 08:01 1057502                    /usr/lib/x86_64-linux-gnu/libkrb5support.so.0.1
7f4920b23000-7f4920d22000 ---p 0000b000 08:01 1057502                    /usr/lib/x86_64-linux-gnu/libkrb5support.so.0.1
7f4920d22000-7f4920d23000 r--p 0000a000 08:01 1057502                    /usr/lib/x86_64-linux-gnu/libkrb5support.so.0.1
7f4920d23000-7f4920d24000 rw-p 0000b000 08:01 1057502                    /usr/lib/x86_64-linux-gnu/libkrb5support.so.0.1
7f4920d24000-7f4920e2b000 r-xp 00000000 08:01 262150                     /lib/x86_64-linux-gnu/libgcrypt.so.20.1.6
7f4920e2b000-7f492102a000 ---p 00107000 08:01 262150                     /lib/x86_64-linux-gnu/libgcrypt.so.20.1.6
7f492102a000-7f492102c000 r--p 00106000 08:01 262150                     /lib/x86_64-linux-gnu/libgcrypt.so.20.1.6
7f492102c000-7f4921033000 rw-p 00108000 08:01 262150                     /lib/x86_64-linux-gnu/libgcrypt.so.20.1.6
7f4921033000-7f4921066000 r-xp 00000000 08:01 1053054                    /usr/lib/x86_64-linux-gnu/libhogweed.so.4.3
7f4921066000-7f4921266000 ---p 00033000 08:01 1053054                    /usr/lib/x86_64-linux-gnu/libhogweed.so.4.3
7f4921266000-7f4921267000 r--p 00033000 08:01 1053054                    /usr/lib/x86_64-linux-gnu/libhogweed.so.4.3
7f4921267000-7f4921268000 rw-p 00034000 08:01 1053054                    /usr/lib/x86_64-linux-gnu/libhogweed.so.4.3
7f4921268000-7f49213f2000 r-xp 00000000 08:01 1049305                    /usr/lib/x86_64-linux-gnu/libgnutls.so.30.13.1
7f49213f2000-7f49215f2000 ---p 0018a000 08:01 1049305                    /usr/lib/x86_64-linux-gnu/libgnutls.so.30.13.1
7f49215f2000-7f49215ff000 r--p 0018a000 08:01 1049305                    /usr/lib/x86_64-linux-gnu/libgnutls.so.30.13.1
7f49215ff000-7f4921600000 rw-p 00197000 08:01 1049305                    /usr/lib/x86_64-linux-gnu/libgnutls.so.30.13.1
7f4921600000-7f4921601000 rw-p 00000000 00:00 0
7f4921601000-7f4921714000 r-xp 00000000 08:01 1053512                    /usr/lib/x86_64-linux-gnu/libunistring.so.0.1.2
7f4921714000-7f4921913000 ---p 00113000 08:01 1053512                    /usr/lib/x86_64-linux-gnu/libunistring.so.0.1.2
7f4921913000-7f4921916000 r--p 00112000 08:01 1053512                    /usr/lib/x86_64-linux-gnu/libunistring.so.0.1.2
7f4921916000-7f4921917000 rw-p 00115000 08:01 1053512                    /usr/lib/x86_64-linux-gnu/libunistring.so.0.1.2
7f4921917000-7f4921918000 rw-p 00000000 00:00 0
7f4921918000-7f492192c000 r-xp 00000000 08:01 266178                     /lib/x86_64-linux-gnu/libnsl-2.24.so
7f492192c000-7f4921b2c000 ---p 00014000 08:01 266178                     /lib/x86_64-linux-gnu/libnsl-2.24.so
7f4921b2c000-7f4921b2d000 r--p 00014000 08:01 266178                     /lib/x86_64-linux-gnu/libnsl-2.24.so
7f4921b2d000-7f4921b2e000 rw-p 00015000 08:01 266178                     /lib/x86_64-linux-gnu/libnsl-2.24.so
7f4921b2e000-7f4921b30000 rw-p 00000000 00:00 0
7f4921b30000-7f4921b37000 r-xp 00000000 08:01 266188                     /lib/x86_64-linux-gnu/librt-2.24.so
7f4921b37000-7f4921d36000 ---p 00007000 08:01 266188                     /lib/x86_64-linux-gnu/librt-2.24.so
7f4921d36000-7f4921d37000 r--p 00006000 08:01 266188                     /lib/x86_64-linux-gnu/librt-2.24.so
7f4921d37000-7f4921d38000 rw-p 00007000 08:01 266188                     /lib/x86_64-linux-gnu/librt-2.24.so
7f4921d38000-7f4921d51000 r-xp 00000000 08:01 262257                     /lib/x86_64-linux-gnu/libz.so.1.2.8
7f4921d51000-7f4921f50000 ---p 00019000 08:01 262257                     /lib/x86_64-linux-gnu/libz.so.1.2.8
7f4921f50000-7f4921f51000 r--p 00018000 08:01 262257                     /lib/x86_64-linux-gnu/libz.so.1.2.8
7f4921f51000-7f4921f52000 rw-p 00019000 08:01 262257                     /lib/x86_64-linux-gnu/libz.so.1.2.8
7f4921f52000-7f4921f9f000 r-xp 00000000 08:01 1057871                    /usr/lib/x86_64-linux-gnu/libldap_r-2.4.so.2.10.7
7f4921f9f000-7f492219e000 ---p 0004d000 08:01 1057871                    /usr/lib/x86_64-linux-gnu/libldap_r-2.4.so.2.10.7
7f492219e000-7f49221a0000 r--p 0004c000 08:01 1057871                    /usr/lib/x86_64-linux-gnu/libldap_r-2.4.so.2.10.7
7f49221a0000-7f49221a1000 rw-p 0004e000 08:01 1057871                    /usr/lib/x86_64-linux-gnu/libldap_r-2.4.so.2.10.7
7f49221a1000-7f49221a3000 rw-p 00000000 00:00 0
7f49221a3000-7f49221b0000 r-xp 00000000 08:01 1057870                    /usr/lib/x86_64-linux-gnu/liblber-2.4.so.2.10.7
7f49221b0000-7f49223b0000 ---p 0000d000 08:01 1057870                    /usr/lib/x86_64-linux-gnu/liblber-2.4.so.2.10.7
7f49223b0000-7f49223b1000 r--p 0000d000 08:01 1057870                    /usr/lib/x86_64-linux-gnu/liblber-2.4.so.2.10.7
7f49223b1000-7f49223b2000 rw-p 0000e000 08:01 1057870                    /usr/lib/x86_64-linux-gnu/liblber-2.4.so.2.10.7
7f49223b2000-7f49223b5000 r-xp 00000000 08:01 262234                     /lib/x86_64-linux-gnu/libcom_err.so.2.1
7f49223b5000-7f49225b4000 ---p 00003000 08:01 262234                     /lib/x86_64-linux-gnu/libcom_err.so.2.1
7f49225b4000-7f49225b5000 r--p 00002000 08:01 262234                     /lib/x86_64-linux-gnu/libcom_err.so.2.1
7f49225b5000-7f49225b6000 rw-p 00003000 08:01 262234                     /lib/x86_64-linux-gnu/libcom_err.so.2.1
7f49225b6000-7f49225e5000 r-xp 00000000 08:01 1057504                    /usr/lib/x86_64-linux-gnu/libk5crypto.so.3.1
7f49225e5000-7f49227e5000 ---p 0002f000 08:01 1057504                    /usr/lib/x86_64-linux-gnu/libk5crypto.so.3.1
7f49227e5000-7f49227e7000 r--p 0002f000 08:01 1057504                    /usr/lib/x86_64-linux-gnu/libk5crypto.so.3.1
7f49227e7000-7f49227e8000 rw-p 00031000 08:01 1057504                    /usr/lib/x86_64-linux-gnu/libk5crypto.so.3.1
7f49227e8000-7f49227e9000 rw-p 00000000 00:00 0
7f49227e9000-7f49228b2000 r-xp 00000000 08:01 1057506                    /usr/lib/x86_64-linux-gnu/libkrb5.so.3.3
7f49228b2000-7f4922ab2000 ---p 000c9000 08:01 1057506                    /usr/lib/x86_64-linux-gnu/libkrb5.so.3.3
7f4922ab2000-7f4922ac0000 r--p 000c9000 08:01 1057506                    /usr/lib/x86_64-linux-gnu/libkrb5.so.3.3
7f4922ac0000-7f4922ac3000 rw-p 000d7000 08:01 1057506                    /usr/lib/x86_64-linux-gnu/libkrb5.so.3.3
7f4922ac3000-7f4922b0b000 r-xp 00000000 08:01 1057509                    /usr/lib/x86_64-linux-gnu/libgssapi_krb5.so.2.2
7f4922b0b000-7f4922d0a000 ---p 00048000 08:01 1057509                    /usr/lib/x86_64-linux-gnu/libgssapi_krb5.so.2.2
7f4922d0a000-7f4922d0c000 r--p 00047000 08:01 1057509                    /usr/lib/x86_64-linux-gnu/libgssapi_krb5.so.2.2
7f4922d0c000-7f4922d0e000 rw-p 00049000 08:01 1057509                    /usr/lib/x86_64-linux-gnu/libgssapi_krb5.so.2.2
7f4922d0e000-7f4922f43000 r-xp 00000000 08:01 1053509                    /usr/lib/x86_64-linux-gnu/libcrypto.so.1.0.2
7f4922f43000-7f4923143000 ---p 00235000 08:01 1053509                    /usr/lib/x86_64-linux-gnu/libcrypto.so.1.0.2
7f4923143000-7f492315f000 r--p 00235000 08:01 1053509                    /usr/lib/x86_64-linux-gnu/libcrypto.so.1.0.2
7f492315f000-7f492316e000 rw-p 00251000 08:01 1053509                    /usr/lib/x86_64-linux-gnu/libcrypto.so.1.0.2
7f492316e000-7f4923172000 rw-p 00000000 00:00 0
7f4923172000-7f49231d1000 r-xp 00000000 08:01 1053510                    /usr/lib/x86_64-linux-gnu/libssl.so.1.0.2
7f49231d1000-7f49233d1000 ---p 0005f000 08:01 1053510                    /usr/lib/x86_64-linux-gnu/libssl.so.1.0.2
7f49233d1000-7f49233d5000 r--p 0005f000 08:01 1053510                    /usr/lib/x86_64-linux-gnu/libssl.so.1.0.2
7f49233d5000-7f49233db000 rw-p 00063000 08:01 1053510                    /usr/lib/x86_64-linux-gnu/libssl.so.1.0.2
7f49233db000-7f49233e7000 r-xp 00000000 08:01 1053547                    /usr/lib/x86_64-linux-gnu/libpsl.so.5.1.1
7f49233e7000-7f49235e7000 ---p 0000c000 08:01 1053547                    /usr/lib/x86_64-linux-gnu/libpsl.so.5.1.1
7f49235e7000-7f49235e8000 r--p 0000c000 08:01 1053547                    /usr/lib/x86_64-linux-gnu/libpsl.so.5.1.1
7f49235e8000-7f49235e9000 rw-p 0000d000 08:01 1053547                    /usr/lib/x86_64-linux-gnu/libpsl.so.5.1.1
7f49235e9000-7f4923614000 r-xp 00000000 08:01 1058265                    /usr/lib/x86_64-linux-gnu/libssh2.so.1.0.1
7f4923614000-7f4923813000 ---p 0002b000 08:01 1058265                    /usr/lib/x86_64-linux-gnu/libssh2.so.1.0.1
7f4923813000-7f4923814000 r--p 0002a000 08:01 1058265                    /usr/lib/x86_64-linux-gnu/libssh2.so.1.0.1
7f4923814000-7f4923815000 rw-p 0002b000 08:01 1058265                    /usr/lib/x86_64-linux-gnu/libssh2.so.1.0.1
7f4923815000-7f4923830000 r-xp 00000000 08:01 1058264                    /usr/lib/x86_64-linux-gnu/librtmp.so.1
7f4923830000-7f4923a30000 ---p 0001b000 08:01 1058264                    /usr/lib/x86_64-linux-gnu/librtmp.so.1
7f4923a30000-7f4923a31000 r--p 0001b000 08:01 1058264                    /usr/lib/x86_64-linux-gnu/librtmp.so.1
7f4923a31000-7f4923a32000 rw-p 0001c000 08:01 1058264                    /usr/lib/x86_64-linux-gnu/librtmp.so.1
7f4923a32000-7f4923a53000 r-xp 00000000 08:01 1053384                    /usr/lib/x86_64-linux-gnu/libidn2.so.0.1.4
7f4923a53000-7f4923c52000 ---p 00021000 08:01 1053384                    /usr/lib/x86_64-linux-gnu/libidn2.so.0.1.4
7f4923c52000-7f4923c53000 r--p 00020000 08:01 1053384                    /usr/lib/x86_64-linux-gnu/libidn2.so.0.1.4
7f4923c53000-7f4923c54000 rw-p 00021000 08:01 1053384                    /usr/lib/x86_64-linux-gnu/libidn2.so.0.1.4
7f4923c54000-7f4923c77000 r-xp 00000000 08:01 1058262                    /usr/lib/x86_64-linux-gnu/libnghttp2.so.14.12.3
7f4923c77000-7f4923e76000 ---p 00023000 08:01 1058262                    /usr/lib/x86_64-linux-gnu/libnghttp2.so.14.12.3
7f4923e76000-7f4923e77000 r--p 00022000 08:01 1058262                    /usr/lib/x86_64-linux-gnu/libnghttp2.so.14.12.3
7f4923e77000-7f4923e7a000 rw-p 00023000 08:01 1058262                    /usr/lib/x86_64-linux-gnu/libnghttp2.so.14.12.3
7f4923e7a000-7f4923e9d000 r-xp 00000000 08:01 1089250                    /usr/lib/x86_64-linux-gnu/libuv.so.1.0.0
7f4923e9d000-7f492409c000 ---p 00023000 08:01 1089250                    /usr/lib/x86_64-linux-gnu/libuv.so.1.0.0
7f492409c000-7f492409d000 r--p 00022000 08:01 1089250                    /usr/lib/x86_64-linux-gnu/libuv.so.1.0.0
7f492409d000-7f492409e000 rw-p 00023000 08:01 1089250                    /usr/lib/x86_64-linux-gnu/libuv.so.1.0.0
7f492409e000-7f49240a8000 r-xp 00000000 08:01 276885                     /lib/x86_64-linux-gnu/libjson-c.so.3.0.1
7f49240a8000-7f49242a7000 ---p 0000a000 08:01 276885                     /lib/x86_64-linux-gnu/libjson-c.so.3.0.1
7f49242a7000-7f49242a8000 r--p 00009000 08:01 276885                     /lib/x86_64-linux-gnu/libjson-c.so.3.0.1
7f49242a8000-7f49242a9000 rw-p 0000a000 08:01 276885                     /lib/x86_64-linux-gnu/libjson-c.so.3.0.1
7f49242a9000-7f49242de000 r-xp 00000000 08:01 1053052                    /usr/lib/x86_64-linux-gnu/libnettle.so.6.3
7f49242de000-7f49244dd000 ---p 00035000 08:01 1053052                    /usr/lib/x86_64-linux-gnu/libnettle.so.6.3
7f49244dd000-7f49244df000 r--p 00034000 08:01 1053052                    /usr/lib/x86_64-linux-gnu/libnettle.so.6.3
7f49244df000-7f49244e0000 rw-p 00036000 08:01 1053052                    /usr/lib/x86_64-linux-gnu/libnettle.so.6.3
7f49244e0000-7f492455d000 r-xp 00000000 08:01 1089186                    /usr/lib/x86_64-linux-gnu/libcurl.so.4.4.0
7f492455d000-7f492475c000 ---p 0007d000 08:01 1089186                    /usr/lib/x86_64-linux-gnu/libcurl.so.4.4.0
7f492475c000-7f492475f000 r--p 0007c000 08:01 1089186                    /usr/lib/x86_64-linux-gnu/libcurl.so.4.4.0
7f492475f000-7f4924760000 rw-p 0007f000 08:01 1089186                    /usr/lib/x86_64-linux-gnu/libcurl.so.4.4.0
7f4924760000-7f4924792000 r-xp 00000000 08:01 1114809                    /usr/local/lib/libstorj.so.0.0.0
7f4924792000-7f4924991000 ---p 00032000 08:01 1114809                    /usr/local/lib/libstorj.so.0.0.0
7f4924991000-7f4924996000 r--p 00031000 08:01 1114809                    /usr/local/lib/libstorj.so.0.0.0
7f4924996000-7f4924997000 rw-p 00036000 08:01 1114809                    /usr/local/lib/libstorj.so.0.0.0
7f4924997000-7f49249a7000 rw-p 00000000 00:00 0
7f49249a7000-7f49249ae000 r-xp 00000000 08:01 1053057                    /usr/lib/x86_64-linux-gnu/libffi.so.6.0.4
7f49249ae000-7f4924bae000 ---p 00007000 08:01 1053057                    /usr/lib/x86_64-linux-gnu/libffi.so.6.0.4
7f4924bae000-7f4924baf000 r--p 00007000 08:01 1053057                    /usr/lib/x86_64-linux-gnu/libffi.so.6.0.4
7f4924baf000-7f4924bb0000 rw-p 00008000 08:01 1053057                    /usr/lib/x86_64-linux-gnu/libffi.so.6.0.4
7f4924bb0000-7f4924bd2000 r-xp 00000000 08:01 567061                     /home/user/.rvm/gems/ruby-2.4.0/gems/ffi-1.9.18/lib/ffi_c.so
7f4924bd2000-7f4924dd2000 ---p 00022000 08:01 567061                     /home/user/.rvm/gems/ruby-2.4.0/gems/ffi-1.9.18/lib/ffi_c.so
7f4924dd2000-7f4924dd3000 r--p 00022000 08:01 567061                     /home/user/.rvm/gems/ruby-2.4.0/gems/ffi-1.9.18/lib/ffi_c.so
7f4924dd3000-7f4924dd4000 rw-p 00023000 08:01 567061                     /home/user/.rvm/gems/ruby-2.4.0/gems/ffi-1.9.18/lib/ffi_c.so
7f4924dd4000-7f4924e07000 r-xp 00000000 08:01 554675                     /home/user/.rvm/rubies/ruby-2.4.0/lib/ruby/2.4.0/x86_64-linux/date_core.so
7f4924e07000-7f4925006000 ---p 00033000 08:01 554675                     /home/user/.rvm/rubies/ruby-2.4.0/lib/ruby/2.4.0/x86_64-linux/date_core.so
7f4925006000-7f4925007000 r--p 00032000 08:01 554675                     /home/user/.rvm/rubies/ruby-2.4.0/lib/ruby/2.4.0/x86_64-linux/date_core.so
7f4925007000-7f4925008000 rw-p 00033000 08:01 554675                     /home/user/.rvm/rubies/ruby-2.4.0/lib/ruby/2.4.0/x86_64-linux/date_core.so
7f4925008000-7f4925009000 rw-p 00000000 00:00 0
7f4925009000-7f492500f000 r-xp 00000000 08:01 554663                     /home/user/.rvm/rubies/ruby-2.4.0/lib/ruby/2.4.0/x86_64-linux/strscan.so
7f492500f000-7f492520f000 ---p 00006000 08:01 554663                     /home/user/.rvm/rubies/ruby-2.4.0/lib/ruby/2.4.0/x86_64-linux/strscan.so
7f492520f000-7f4925210000 r--p 00006000 08:01 554663                     /home/user/.rvm/rubies/ruby-2.4.0/lib/ruby/2.4.0/x86_64-linux/strscan.so
7f4925210000-7f4925211000 rw-p 00007000 08:01 554663                     /home/user/.rvm/rubies/ruby-2.4.0/lib/ruby/2.4.0/x86_64-linux/strscan.so
7f4925211000-7f492522e000 r-xp 00000000 08:01 1061132                    /usr/lib/x86_64-linux-gnu/libyaml-0.so.2.0.5
7f492522e000-7f492542e000 ---p 0001d000 08:01 1061132                    /usr/lib/x86_64-linux-gnu/libyaml-0.so.2.0.5
7f492542e000-7f492542f000 r--p 0001d000 08:01 1061132                    /usr/lib/x86_64-linux-gnu/libyaml-0.so.2.0.5
7f492542f000-7f4925430000 rw-p 0001e000 08:01 1061132                    /usr/lib/x86_64-linux-gnu/libyaml-0.so.2.0.5
7f492544d000-7f4925453000 r-xp 00000000 08:01 554672                     /home/user/.rvm/rubies/ruby-2.4.0/lib/ruby/2.4.0/x86_64-linux/psych.so
7f4925453000-7f4925652000 ---p 00006000 08:01 554672                     /home/user/.rvm/rubies/ruby-2.4.0/lib/ruby/2.4.0/x86_64-linux/psych.so
7f4925652000-7f4925653000 r--p 00005000 08:01 554672                     /home/user/.rvm/rubies/ruby-2.4.0/lib/ruby/2.4.0/x86_64-linux/psych.so
7f4925653000-7f4925654000 rw-p 00006000 08:01 554672                     /home/user/.rvm/rubies/ruby-2.4.0/lib/ruby/2.4.0/x86_64-linux/psych.so
7f4925654000-7f492565c000 r-xp 00000000 08:01 554671                     /home/user/.rvm/rubies/ruby-2.4.0/lib/ruby/2.4.0/x86_64-linux/stringio.so
7f492565c000-7f492585b000 ---p 00008000 08:01 554671                     /home/user/.rvm/rubies/ruby-2.4.0/lib/ruby/2.4.0/x86_64-linux/stringio.so
7f492585b000-7f492585c000 r--p 00007000 08:01 554671                     /home/user/.rvm/rubies/ruby-2.4.0/lib/ruby/2.4.0/x86_64-linux/stringio.so
7f492585c000-7f492585d000 rw-p 00008000 08:01 554671                     /home/user/.rvm/rubies/ruby-2.4.0/lib/ruby/2.4.0/x86_64-linux/stringio.so
7f492585d000-7f4925860000 r-xp 00000000 08:01 683680                     /home/user/.rvm/rubies/ruby-2.4.0/lib/ruby/2.4.0/x86_64-linux/enc/trans/transdb.so
7f4925860000-7f4925a5f000 ---p 00003000 08:01 683680                     /home/user/.rvm/rubies/ruby-2.4.0/lib/ruby/2.4.0/x86_64-linux/enc/trans/transdb.so
7f4925a5f000-7f4925a60000 r--p 00002000 08:01 683680                     /home/user/.rvm/rubies/ruby-2.4.0/lib/ruby/2.4.0/x86_64-linux/enc/trans/transdb.so
7f4925a60000-7f4925a61000 rw-p 00003000 08:01 683680                     /home/user/.rvm/rubies/ruby-2.4.0/lib/ruby/2.4.0/x86_64-linux/enc/trans/transdb.so
7f4925a61000-7f4925a63000 r-xp 00000000 08:01 554688                     /home/user/.rvm/rubies/ruby-2.4.0/lib/ruby/2.4.0/x86_64-linux/enc/encdb.so
7f4925a63000-7f4925c62000 ---p 00002000 08:01 554688                     /home/user/.rvm/rubies/ruby-2.4.0/lib/ruby/2.4.0/x86_64-linux/enc/encdb.so
7f4925c62000-7f4925c63000 r--p 00001000 08:01 554688                     /home/user/.rvm/rubies/ruby-2.4.0/lib/ruby/2.4.0/x86_64-linux/enc/encdb.so
7f4925c63000-7f4925c64000 rw-p 00002000 08:01 554688                     /home/user/.rvm/rubies/ruby-2.4.0/lib/ruby/2.4.0/x86_64-linux/enc/encdb.so
7f4925c64000-7f4925d65000 rw-p 00000000 00:00 0
7f4925d65000-7f4925efa000 r-xp 00000000 08:01 266171                     /lib/x86_64-linux-gnu/libc-2.24.so
7f4925efa000-7f49260fa000 ---p 00195000 08:01 266171                     /lib/x86_64-linux-gnu/libc-2.24.so
7f49260fa000-7f49260fe000 r--p 00195000 08:01 266171                     /lib/x86_64-linux-gnu/libc-2.24.so
7f49260fe000-7f4926100000 rw-p 00199000 08:01 266171                     /lib/x86_64-linux-gnu/libc-2.24.so
7f4926100000-7f4926104000 rw-p 00000000 00:00 0
7f4926104000-7f4926207000 r-xp 00000000 08:01 266175                     /lib/x86_64-linux-gnu/libm-2.24.so
7f4926207000-7f4926406000 ---p 00103000 08:01 266175                     /lib/x86_64-linux-gnu/libm-2.24.so
7f4926406000-7f4926407000 r--p 00102000 08:01 266175                     /lib/x86_64-linux-gnu/libm-2.24.so
7f4926407000-7f4926408000 rw-p 00103000 08:01 266175                     /lib/x86_64-linux-gnu/libm-2.24.so
7f4926408000-7f4926410000 r-xp 00000000 08:01 266173                     /lib/x86_64-linux-gnu/libcrypt-2.24.so
7f4926410000-7f4926610000 ---p 00008000 08:01 266173                     /lib/x86_64-linux-gnu/libcrypt-2.24.so
7f4926610000-7f4926611000 r--p 00008000 08:01 266173                     /lib/x86_64-linux-gnu/libcrypt-2.24.so
7f4926611000-7f4926612000 rw-p 00009000 08:01 266173                     /lib/x86_64-linux-gnu/libcrypt-2.24.so
7f4926612000-7f4926640000 rw-p 00000000 00:00 0
7f4926640000-7f4926643000 r-xp 00000000 08:01 266174                     /lib/x86_64-linux-gnu/libdl-2.24.so
7f4926643000-7f4926842000 ---p 00003000 08:01 266174                     /lib/x86_64-linux-gnu/libdl-2.24.so
7f4926842000-7f4926843000 r--p 00002000 08:01 266174                     /lib/x86_64-linux-gnu/libdl-2.24.so
7f4926843000-7f4926844000 rw-p 00003000 08:01 266174                     /lib/x86_64-linux-gnu/libdl-2.24.so
7f4926844000-7f49268c5000 r-xp 00000000 08:01 1053050                    /usr/lib/x86_64-linux-gnu/libgmp.so.10.3.2
7f49268c5000-7f4926ac5000 ---p 00081000 08:01 1053050                    /usr/lib/x86_64-linux-gnu/libgmp.so.10.3.2
7f4926ac5000-7f4926ac6000 r--p 00081000 08:01 1053050                    /usr/lib/x86_64-linux-gnu/libgmp.so.10.3.2
7f4926ac6000-7f4926ac7000 rw-p 00082000 08:01 1053050                    /usr/lib/x86_64-linux-gnu/libgmp.so.10.3.2
7f4926ac7000-7f4926adf000 r-xp 00000000 08:01 266186                     /lib/x86_64-linux-gnu/libpthread-2.24.so
7f4926adf000-7f4926cde000 ---p 00018000 08:01 266186                     /lib/x86_64-linux-gnu/libpthread-2.24.so
7f4926cde000-7f4926cdf000 r--p 00017000 08:01 266186                     /lib/x86_64-linux-gnu/libpthread-2.24.so
7f4926cdf000-7f4926ce0000 rw-p 00018000 08:01 266186                     /lib/x86_64-linux-gnu/libpthread-2.24.so
7f4926ce0000-7f4926ce4000 rw-p 00000000 00:00 0
7f4926ce4000-7f4926fd2000 r-xp 00000000 08:01 553936                     /home/user/.rvm/rubies/ruby-2.4.0/lib/libruby.so.2.4.0
7f4926fd2000-7f49271d1000 ---p 002ee000 08:01 553936                     /home/user/.rvm/rubies/ruby-2.4.0/lib/libruby.so.2.4.0
7f49271d1000-7f49271d7000 r--p 002ed000 08:01 553936                     /home/user/.rvm/rubies/ruby-2.4.0/lib/libruby.so.2.4.0
7f49271d7000-7f49271da000 rw-p 002f3000 08:01 553936                     /home/user/.rvm/rubies/ruby-2.4.0/lib/libruby.so.2.4.0
7f49271da000-7f49271eb000 rw-p 00000000 00:00 0
7f49271eb000-7f492720e000 r-xp 00000000 08:01 266167                     /lib/x86_64-linux-gnu/ld-2.24.so
7f492721e000-7f492724f000 rw-p 00000000 00:00 0
7f492724f000-7f49273ea000 r--p 00000000 08:01 1049353                    /usr/lib/locale/locale-archive
7f49273ea000-7f49273ee000 rw-p 00000000 00:00 0
7f4927406000-7f4927407000 r-xp 00000000 00:00 0
7f4927407000-7f4927408000 ---p 00000000 00:00 0
7f4927408000-7f492740e000 rw-p 00000000 00:00 0
7f492740e000-7f492740f000 r--p 00023000 08:01 266167                     /lib/x86_64-linux-gnu/ld-2.24.so
7f492740f000-7f4927410000 rw-p 00024000 08:01 266167                     /lib/x86_64-linux-gnu/ld-2.24.so
7f4927410000-7f4927411000 rw-p 00000000 00:00 0
7ffdae187000-7ffdae986000 rw-p 00000000 00:00 0                          [stack]
7ffdae9dc000-7ffdae9de000 r--p 00000000 00:00 0                          [vvar]
7ffdae9de000-7ffdae9e0000 r-xp 00000000 00:00 0                          [vdso]
ffffffffff600000-ffffffffff601000 r-xp 00000000 00:00 0                  [vsyscall]


[NOTE]
You may have encountered a bug in the Ruby interpreter or extension libraries.
Bug reports are welcome.
For details: http://www.ruby-lang.org/bugreport.html

Aborted
